d50 E62 create sphere/hatch  paths=1221 ink=4828.3 pens=1232 A1=0.7612/0.7505 bareP95=0.2514 bareMax=0.748 A2n=531(0.437) A2loc=129 A3=0.3417 poolR2=0.3917 ovMax=0.0800 over2=0 w25=0.06366 hole=0.992 bandC=0.1231 O5=3.1274 cov=0.9758 tooShort=123 subs/site=1.24
d50 E62 create sphere/contour  paths=1264 ink=4684.8 pens=1258 A1=0.7815/0.6985 bareP95=0.2380 bareMax=0.921 A2n=506(0.406) A2loc=113 A3=0.6034 poolR2=0.4879 ovMax=0.0800 over2=0 w25=0.06934 hole=1.038 bandC=0.1106 O5=2.4351 cov=0.9842 tooShort=43 subs/site=1.26
d50 E62 create torus/hatch  paths=463 ink=1276.9 pens=349 A1=0.1254/0.0000 bareP95=0.5091 bareMax=0.726 A2n=143(0.419) A2loc=12 A3=0.2611 poolR2=0.4071 ovMax=0.0800 over2=0 w25=0.13805 hole=0.980 bandC=0.2723 O5=2.3954 cov=0.9847 tooShort=10 subs/site=1.09
d50 E62 create torus/contour  paths=454 ink=1352.8 pens=389 A1=0.5106/0.2807 bareP95=0.3598 bareMax=0.628 A2n=190(0.494) A2loc=54 A3=0.3861 poolR2=0.4666 ovMax=0.0800 over2=0 w25=0.17302 hole=0.991 bandC=0.4663 O5=2.9789 cov=0.9770 tooShort=13 subs/site=1.42
d50 E62 create cone/hatch  paths=748 ink=2477.2 pens=692 A1=0.7195/0.7195 bareP95=0.3101 bareMax=0.963 A2n=276(0.403) A2loc=106 A3=0.3254 poolR2=0.3892 ovMax=0.0800 over2=0 w25=0.06275 hole=1.038 bandC=0.0596 O5=2.4116 cov=0.9882 tooShort=49 subs/site=1.47
d50 E62 create cone/contour  paths=755 ink=2485.2 pens=736 A1=0.7342/0.5106 bareP95=0.2522 bareMax=0.505 A2n=298(0.406) A2loc=67 A3=0.7827 poolR2=0.7765 ovMax=0.0800 over2=0 w25=0.04388 hole=0.995 bandC=0.0250 O5=2.6070 cov=0.9960 tooShort=17 subs/site=1.29
d50 E62 test sphere/hatch  paths=797 ink=3110.1 pens=799 A1=0.7241/0.6986 bareP95=0.2770 bareMax=0.861 A2n=379(0.479) A2loc=108 A3=0.3393 poolR2=0.3817 ovMax=0.0800 over2=0 w25=0.08101 hole=1.110 bandC=0.0709 O5=3.1634 cov=0.9744 tooShort=54 subs/site=1.24
d50 E62 test sphere/contour  paths=807 ink=2969.4 pens=815 A1=0.8055/0.7592 bareP95=0.2379 bareMax=0.577 A2n=324(0.401) A2loc=77 A3=0.6841 poolR2=0.4893 ovMax=0.0800 over2=0 w25=0.07034 hole=1.079 bandC=0.0806 O5=2.3398 cov=0.9862 tooShort=33 subs/site=1.28
d50 E62 test torus/hatch  paths=1018 ink=3134.7 pens=1117 A1=0.6103/0.4576 bareP95=0.3018 bareMax=0.759 A2n=637(0.575) A2loc=178 A3=0.3333 poolR2=0.4481 ovMax=0.0800 over2=0 w25=0.08348 hole=1.044 bandC=0.2548 O5=2.3054 cov=0.9842 tooShort=17 subs/site=1.34
d50 E62 test torus/contour  paths=780 ink=2658.2 pens=860 A1=0.7003/0.4696 bareP95=0.3405 bareMax=0.865 A2n=427(0.502) A2loc=118 A3=0.4410 poolR2=0.5092 ovMax=0.0800 over2=0 w25=0.09115 hole=1.081 bandC=0.2985 O5=2.9233 cov=0.9766 tooShort=43 subs/site=1.54
d50 E62 test cone/hatch  paths=595 ink=2105.3 pens=549 A1=0.6613/0.6186 bareP95=0.3403 bareMax=0.849 A2n=182(0.332) A2loc=86 A3=0.2743 poolR2=0.3473 ovMax=0.0800 over2=0 w25=0.07021 hole=0.984 bandC=0.1031 O5=2.6496 cov=0.9860 tooShort=40 subs/site=1.45
d50 E62 test cone/contour  paths=631 ink=2217.4 pens=624 A1=0.6809/0.5562 bareP95=0.2126 bareMax=0.541 A2n=240(0.385) A2loc=75 A3=0.7925 poolR2=0.7942 ovMax=0.0800 over2=0 w25=0.07537 hole=1.039 bandC=0.0172 O5=2.8906 cov=0.9888 tooShort=13 subs/site=1.27
d50 E62d create sphere/hatch  paths=1221 ink=4828.3 pens=1232 A1=0.7612/0.7505 bareP95=0.2514 bareMax=0.748 A2n=531(0.437) A2loc=129 A3=0.3417 poolR2=0.3917 ovMax=0.0800 over2=0 w25=0.06366 hole=0.992 bandC=0.1231 O5=3.1274 cov=0.9758 tooShort=123 subs/site=1.24
d50 E62d create sphere/contour  paths=1264 ink=4684.8 pens=1258 A1=0.7815/0.6985 bareP95=0.2380 bareMax=0.921 A2n=506(0.406) A2loc=113 A3=0.6034 poolR2=0.4879 ovMax=0.0800 over2=0 w25=0.06934 hole=1.038 bandC=0.1106 O5=2.4351 cov=0.9842 tooShort=43 subs/site=1.26
d50 E62d create torus/hatch  paths=465 ink=1278.9 pens=351 A1=0.1391/0.0000 bareP95=0.5082 bareMax=0.726 A2n=145(0.423) A2loc=12 A3=0.2682 poolR2=0.4111 ovMax=0.0800 over2=0 w25=0.13805 hole=0.980 bandC=0.2723 O5=2.3897 cov=0.9882 tooShort=10 subs/site=1.09
d50 E62d create torus/contour  paths=455 ink=1357.3 pens=390 A1=0.5014/0.2756 bareP95=0.3613 bareMax=0.804 A2n=190(0.492) A2loc=54 A3=0.3862 poolR2=0.4672 ovMax=0.0800 over2=0 w25=0.17302 hole=0.991 bandC=0.4663 O5=2.9755 cov=0.9827 tooShort=13 subs/site=1.42
d50 E62d create cone/hatch  paths=748 ink=2477.2 pens=692 A1=0.7195/0.7195 bareP95=0.3101 bareMax=0.963 A2n=276(0.403) A2loc=106 A3=0.3254 poolR2=0.3892 ovMax=0.0800 over2=0 w25=0.06275 hole=1.038 bandC=0.0596 O5=2.4116 cov=0.9882 tooShort=49 subs/site=1.47
d50 E62d create cone/contour  paths=755 ink=2485.2 pens=736 A1=0.7342/0.5106 bareP95=0.2522 bareMax=0.505 A2n=298(0.406) A2loc=67 A3=0.7827 poolR2=0.7765 ovMax=0.0800 over2=0 w25=0.04388 hole=0.995 bandC=0.0250 O5=2.6070 cov=0.9960 tooShort=17 subs/site=1.29
d50 E62d test sphere/hatch  paths=797 ink=3110.1 pens=799 A1=0.7241/0.6986 bareP95=0.2770 bareMax=0.861 A2n=379(0.479) A2loc=108 A3=0.3393 poolR2=0.3817 ovMax=0.0800 over2=0 w25=0.08101 hole=1.110 bandC=0.0709 O5=3.1634 cov=0.9744 tooShort=54 subs/site=1.24
d50 E62d test sphere/contour  paths=807 ink=2969.4 pens=815 A1=0.8055/0.7592 bareP95=0.2379 bareMax=0.577 A2n=324(0.401) A2loc=77 A3=0.6841 poolR2=0.4893 ovMax=0.0800 over2=0 w25=0.07034 hole=1.079 bandC=0.0806 O5=2.3398 cov=0.9862 tooShort=33 subs/site=1.28
d50 E62d test torus/hatch  paths=1022 ink=3138.9 pens=1122 A1=0.6117/0.4613 bareP95=0.3018 bareMax=0.759 A2n=642(0.577) A2loc=179 A3=0.3331 poolR2=0.4495 ovMax=0.0800 over2=0 w25=0.08348 hole=1.044 bandC=0.2555 O5=2.3098 cov=0.9879 tooShort=17 subs/site=1.34
d50 E62d test torus/contour  paths=780 ink=2658.2 pens=860 A1=0.7003/0.4696 bareP95=0.3405 bareMax=0.865 A2n=427(0.502) A2loc=118 A3=0.4410 poolR2=0.5092 ovMax=0.0800 over2=0 w25=0.09115 hole=1.081 bandC=0.2985 O5=2.9233 cov=0.9766 tooShort=43 subs/site=1.54
d50 E62d test cone/hatch  paths=595 ink=2105.3 pens=549 A1=0.6613/0.6186 bareP95=0.3403 bareMax=0.849 A2n=182(0.332) A2loc=86 A3=0.2743 poolR2=0.3473 ovMax=0.0800 over2=0 w25=0.07021 hole=0.984 bandC=0.1031 O5=2.6496 cov=0.9860 tooShort=40 subs/site=1.45
d50 E62d test cone/contour  paths=631 ink=2217.4 pens=624 A1=0.6809/0.5562 bareP95=0.2126 bareMax=0.541 A2n=240(0.385) A2loc=75 A3=0.7925 poolR2=0.7942 ovMax=0.0800 over2=0 w25=0.07537 hole=1.039 bandC=0.0172 O5=2.8906 cov=0.9888 tooShort=13 subs/site=1.27
d50 E62e85 create sphere/hatch  paths=1189 ink=4852 pens=1164 A1=0.6119/0.6101 bareP95=0.2537 bareMax=0.748 A2n=451(0.394) A2loc=121 A3=0.3256 poolR2=0.3454 ovMax=0.1497 over2=0 w25=0.06112 hole=0.992 bandC=0.1020 O5=3.1226 cov=0.9784 tooShort=123 subs/site=1.17
d50 E62e85 create sphere/contour  paths=1208 ink=4706.5 pens=1171 A1=0.6363/0.5714 bareP95=0.2261 bareMax=0.921 A2n=394(0.340) A2loc=111 A3=0.5950 poolR2=0.4244 ovMax=0.1402 over2=0 w25=0.06792 hole=1.038 bandC=0.0833 O5=2.4340 cov=0.9870 tooShort=43 subs/site=1.17
d50 E62e85 create torus/hatch  paths=449 ink=1267.4 pens=345 A1=0.1596/0.0000 bareP95=0.5082 bareMax=0.726 A2n=138(0.409) A2loc=19 A3=0.2534 poolR2=0.4007 ovMax=0.0800 over2=0 w25=0.13808 hole=0.980 bandC=0.2723 O5=2.5278 cov=0.9882 tooShort=10 subs/site=1.07
d50 E62e85 create torus/contour  paths=441 ink=1354 pens=370 A1=0.4991/0.2863 bareP95=0.3613 bareMax=0.628 A2n=168(0.459) A2loc=51 A3=0.3587 poolR2=0.4390 ovMax=0.0800 over2=0 w25=0.17310 hole=0.991 bandC=0.4624 O5=2.9908 cov=0.9770 tooShort=13 subs/site=1.35
d50 E62e85 create cone/hatch  paths=717 ink=2485.6 pens=642 A1=0.5847/0.5847 bareP95=0.2957 bareMax=0.963 A2n=221(0.348) A2loc=114 A3=0.2559 poolR2=0.3127 ovMax=0.0800 over2=0 w25=0.06244 hole=1.038 bandC=0.0641 O5=2.4124 cov=0.9882 tooShort=49 subs/site=1.37
d50 E62e85 create cone/contour  paths=728 ink=2497.5 pens=685 A1=0.6036/0.5472 bareP95=0.2256 bareMax=0.505 A2n=220(0.322) A2loc=74 A3=0.7566 poolR2=0.7496 ovMax=0.0800 over2=0 w25=0.04403 hole=0.995 bandC=0.0277 O5=2.6069 cov=0.9960 tooShort=17 subs/site=1.20
d50 E62e85 test sphere/hatch  paths=763 ink=3127.6 pens=760 A1=0.5895/0.5696 bareP95=0.2595 bareMax=0.861 A2n=319(0.424) A2loc=97 A3=0.3453 poolR2=0.3424 ovMax=0.0800 over2=0 w25=0.08075 hole=1.110 bandC=0.0679 O5=3.0759 cov=0.9833 tooShort=54 subs/site=1.17
d50 E62e85 test sphere/contour  paths=764 ink=2977 pens=744 A1=0.6798/0.6321 bareP95=0.2230 bareMax=0.577 A2n=227(0.308) A2loc=65 A3=0.6798 poolR2=0.4122 ovMax=0.0800 over2=0 w25=0.07074 hole=1.079 bandC=0.0528 O5=2.3383 cov=0.9823 tooShort=33 subs/site=1.17
d50 E62e85 test torus/hatch  paths=989 ink=3151.7 pens=1068 A1=0.5726/0.4181 bareP95=0.2413 bareMax=0.759 A2n=568(0.537) A2loc=168 A3=0.3107 poolR2=0.4266 ovMax=0.0800 over2=0 w25=0.08330 hole=1.044 bandC=0.2530 O5=2.3262 cov=0.9908 tooShort=19 subs/site=1.27
d50 E62e85 test torus/contour  paths=745 ink=2676.4 pens=819 A1=0.6227/0.4273 bareP95=0.3275 bareMax=0.865 A2n=367(0.454) A2loc=120 A3=0.3975 poolR2=0.4816 ovMax=0.0800 over2=0 w25=0.09075 hole=1.081 bandC=0.3060 O5=2.8448 cov=0.9843 tooShort=43 subs/site=1.46
d50 E62e85 test cone/hatch  paths=572 ink=2107.8 pens=519 A1=0.5563/0.5135 bareP95=0.3415 bareMax=0.849 A2n=148(0.286) A2loc=89 A3=0.2351 poolR2=0.2828 ovMax=0.0800 over2=0 w25=0.07009 hole=0.984 bandC=0.1029 O5=2.6512 cov=0.9860 tooShort=40 subs/site=1.37
d50 E62e85 test cone/contour  paths=633 ink=2219.1 pens=630 A1=0.6876/0.5654 bareP95=0.1671 bareMax=0.541 A2n=246(0.391) A2loc=79 A3=0.7965 poolR2=0.7976 ovMax=0.0800 over2=0 w25=0.07572 hole=1.039 bandC=0.0244 O5=2.8956 cov=0.9924 tooShort=13 subs/site=1.27
d50 E75 create sphere/hatch  paths=1253 ink=4775.2 pens=1303 A1=0.8317/0.8110 bareP95=0.2214 bareMax=0.748 A2n=610(0.475) A2loc=120 A3=0.4123 poolR2=0.4320 ovMax=0.0800 over2=0 w25=0.06497 hole=1.079 bandC=0.1527 O5=3.1977 cov=0.9636 tooShort=123 subs/site=1.33
d50 E75 create sphere/contour  paths=1321 ink=4653.6 pens=1382 A1=0.8194/0.7323 bareP95=0.2047 bareMax=0.921 A2n=654(0.477) A2loc=91 A3=0.6147 poolR2=0.5494 ovMax=0.0800 over2=0 w25=0.07035 hole=1.038 bandC=0.1230 O5=2.4241 cov=0.9837 tooShort=43 subs/site=1.38
d50 E75 create torus/hatch  paths=466 ink=1264.4 pens=366 A1=0.1505/0.0000 bareP95=0.5099 bareMax=0.726 A2n=165(0.461) A2loc=19 A3=0.3413 poolR2=0.4542 ovMax=0.0800 over2=0 w25=0.13808 hole=0.980 bandC=0.2719 O5=2.5223*NONMONO cov=0.9807 tooShort=10 subs/site=1.15
d50 E75 create torus/contour  paths=460 ink=1333 pens=423 A1=0.5796/0.3464 bareP95=0.3599 bareMax=0.628 A2n=232(0.554) A2loc=50 A3=0.4135 poolR2=0.5111 ovMax=0.0800 over2=0 w25=0.17334 hole=0.991 bandC=0.4740 O5=3.0015 cov=0.9691 tooShort=12 subs/site=1.55
d50 E75 create cone/hatch  paths=783 ink=2464.2 pens=754 A1=0.7665/0.7665 bareP95=0.2525 bareMax=0.963 A2n=345(0.462) A2loc=76 A3=0.3770 poolR2=0.4539 ovMax=0.0800 over2=0 w25=0.06102 hole=1.038 bandC=0.0601 O5=2.4111 cov=0.9882 tooShort=49 subs/site=1.60
d50 E75 create cone/contour  paths=799 ink=2454.4 pens=859 A1=0.8285/0.5475 bareP95=0.2073 bareMax=0.505 A2n=450(0.525) A2loc=50 A3=0.8250 poolR2=0.8201 ovMax=0.0800 over2=0 w25=0.04917 hole=0.995 bandC=0.0407 O5=2.6113 cov=0.9993 tooShort=17 subs/site=1.50
d50 E75 test sphere/hatch  paths=801 ink=3055.3 pens=873 A1=0.7506/0.7248 bareP95=0.2247 bareMax=0.861 A2n=449(0.518) A2loc=82 A3=0.3255 poolR2=0.4452 ovMax=0.0800 over2=0 w25=0.08404 hole=1.110 bandC=0.0696 O5=3.0772 cov=0.9666 tooShort=53 subs/site=1.37
d50 E75 test sphere/contour  paths=842 ink=2942.3 pens=896 A1=0.8736/0.8232 bareP95=0.2096 bareMax=0.577 A2n=416(0.468) A2loc=53 A3=0.6967 poolR2=0.5530 ovMax=0.0800 over2=0 w25=0.07343 hole=1.079 bandC=0.1100 O5=2.3394 cov=0.9834 tooShort=33 subs/site=1.40
d50 E75 test torus/hatch  paths=1007 ink=3059.4 pens=1236 A1=0.6173/0.4585 bareP95=0.2310 bareMax=0.759 A2n=776(0.632) A2loc=109 A3=0.3728 poolR2=0.4964 ovMax=0.0800 over2=0 w25=0.08809 hole=1.044 bandC=0.2578 O5=2.2541 cov=0.9697 tooShort=18 subs/site=1.51
d50 E75 test torus/contour  paths=814 ink=2636.6 pens=956 A1=0.6898/0.4676 bareP95=0.2856 bareMax=0.865 A2n=543(0.574) A2loc=86 A3=0.4952 poolR2=0.5599 ovMax=0.0800 over2=0 w25=0.09696 hole=1.081 bandC=0.3138 O5=2.8554 cov=0.9800 tooShort=43 subs/site=1.71
d50 E75 test cone/hatch  paths=619 ink=2091.3 pens=596 A1=0.6866/0.6430 bareP95=0.2808 bareMax=0.849 A2n=238(0.400) A2loc=76 A3=0.3244 poolR2=0.4248 ovMax=0.0800 over2=0 w25=0.07014 hole=0.984 bandC=0.1064 O5=2.6436 cov=0.9830 tooShort=40 subs/site=1.58
d50 E75 test cone/contour  paths=706 ink=2188.4 pens=768 A1=0.8086/0.5736 bareP95=0.2006 bareMax=0.541 A2n=422(0.550) A2loc=33 A3=0.8381 poolR2=0.8378 ovMax=0.0800 over2=0 w25=0.07760 hole=1.039 bandC=0.0261 O5=2.8974 cov=0.9924 tooShort=13 subs/site=1.55
d50 E62n3 create sphere/hatch  paths=1229 ink=4836.6 pens=1220 A1=0.7612/0.7505 bareP95=0.2624 bareMax=0.748 A2n=519(0.432) A2loc=118 A3=0.3373 poolR2=0.3838 ovMax=0.0800 over2=0 w25=0.06132 hole=0.992 bandC=0.1019 O5=3.1274 cov=0.9758 tooShort=123 subs/site=1.23
d50 E62n3 create sphere/contour  paths=1272 ink=4694.2 pens=1242 A1=0.7815/0.6985 bareP95=0.2620 bareMax=0.921 A2n=490(0.398) A2loc=98 A3=0.5987 poolR2=0.4769 ovMax=0.0800 over2=0 w25=0.06807 hole=1.038 bandC=0.1025 O5=2.4351 cov=0.9842 tooShort=43 subs/site=1.24
d50 E62n3 create torus/hatch  paths=463 ink=1276.9 pens=349 A1=0.1254/0.0000 bareP95=0.5091 bareMax=0.726 A2n=143(0.419) A2loc=12 A3=0.2611 poolR2=0.4071 ovMax=0.0800 over2=0 w25=0.13805 hole=0.980 bandC=0.2723 O5=2.3954 cov=0.9847 tooShort=10 subs/site=1.09
d50 E62n3 create torus/contour  paths=454 ink=1354.1 pens=386 A1=0.5106/0.2807 bareP95=0.3598 bareMax=0.628 A2n=187(0.490) A2loc=49 A3=0.3824 poolR2=0.4619 ovMax=0.0800 over2=0 w25=0.17302 hole=0.991 bandC=0.4663 O5=2.9738 cov=0.9770 tooShort=13 subs/site=1.41
d50 E62n3 create cone/hatch  paths=751 ink=2482.8 pens=682 A1=0.7195/0.7195 bareP95=0.3217 bareMax=0.963 A2n=266(0.394) A2loc=90 A3=0.3102 poolR2=0.3756 ovMax=0.0800 over2=0 w25=0.06085 hole=1.038 bandC=0.0594 O5=2.4116 cov=0.9882 tooShort=49 subs/site=1.45
d50 E62n3 create cone/contour  paths=755 ink=2485.2 pens=736 A1=0.7342/0.5106 bareP95=0.2522 bareMax=0.505 A2n=298(0.406) A2loc=67 A3=0.7827 poolR2=0.7765 ovMax=0.0800 over2=0 w25=0.04388 hole=0.995 bandC=0.0250 O5=2.6070 cov=0.9960 tooShort=17 subs/site=1.29
d50 E62n3 test sphere/hatch  paths=805 ink=3119.7 pens=810 A1=0.7334/0.7087 bareP95=0.2770 bareMax=0.861 A2n=390(0.486) A2loc=107 A3=0.3369 poolR2=0.3881 ovMax=0.0800 over2=0 w25=0.08101 hole=1.110 bandC=0.0672 O5=3.0766 cov=0.9811 tooShort=54 subs/site=1.25
d50 E62n3 test sphere/contour  paths=805 ink=2970.5 pens=801 A1=0.8029/0.7560 bareP95=0.2722 bareMax=0.577 A2n=310(0.391) A2loc=68 A3=0.6776 poolR2=0.4749 ovMax=0.0800 over2=0 w25=0.06988 hole=1.079 bandC=0.0775 O5=2.3397 cov=0.9843 tooShort=33 subs/site=1.26
d50 E62n3 test torus/hatch  paths=1018 ink=3134.7 pens=1117 A1=0.6103/0.4576 bareP95=0.3018 bareMax=0.759 A2n=637(0.575) A2loc=178 A3=0.3333 poolR2=0.4481 ovMax=0.0800 over2=0 w25=0.08348 hole=1.044 bandC=0.2548 O5=2.3054 cov=0.9842 tooShort=17 subs/site=1.34
d50 E62n3 test torus/contour  paths=779 ink=2659.9 pens=854 A1=0.6918/0.4696 bareP95=0.3405 bareMax=0.865 A2n=421(0.499) A2loc=109 A3=0.4366 poolR2=0.5056 ovMax=0.0800 over2=0 w25=0.09115 hole=1.081 bandC=0.2961 O5=2.9254 cov=0.9766 tooShort=43 subs/site=1.53
d50 E62n3 test cone/hatch  paths=595 ink=2106.8 pens=545 A1=0.6613/0.6186 bareP95=0.3403 bareMax=0.849 A2n=178(0.327) A2loc=82 A3=0.2689 poolR2=0.3390 ovMax=0.0800 over2=0 w25=0.07021 hole=0.984 bandC=0.1038 O5=2.6496 cov=0.9860 tooShort=40 subs/site=1.44
d50 E62n3 test cone/contour  paths=631 ink=2217.4 pens=624 A1=0.6809/0.5562 bareP95=0.2126 bareMax=0.541 A2n=240(0.385) A2loc=75 A3=0.7925 poolR2=0.7942 ovMax=0.0800 over2=0 w25=0.07537 hole=1.039 bandC=0.0172 O5=2.8906 cov=0.9888 tooShort=13 subs/site=1.27
