v1.4.1 create sphere/hatch  paths=1112 ink=5045.4 RP=4.474 A1=- bareP95=0.0000 A2n=223 A2loc=114 A3=0.2239 poolR2=0.0105 ovMax=0.0280 over2=4 w25=0.05380 hole=0.992 bandC=0.0560 O5=- cov=0.9958 pens=996
v1.4.1 create sphere/contour  paths=1088 ink=4732.4 RP=4.54 A1=- bareP95=0.0000 A2n=149 A2loc=87 A3=0.1621 poolR2=0.0061 ovMax=0.0280 over2=0 w25=0.06730 hole=1.038 bandC=0.0351 O5=- cov=0.9932 pens=972
v1.4.1 create torus/hatch  paths=403 ink=1326.7 RP=4.423 A1=- bareP95=0.0000 A2n=58 A2loc=9 A3=0.0258 poolR2=0.0231 ovMax=0.0280 over2=6 w25=0.13783 hole=0.980 bandC=0.2910 O5=- cov=0.9974 pens=289
v1.4.1 create torus/contour  paths=338 ink=1355.5 RP=4.477 A1=- bareP95=0.0000 A2n=46 A2loc=36 A3=0.2016 poolR2=0.0435 ovMax=0.0280 over2=16 w25=0.17544 hole=0.991 bandC=0.5449 O5=- cov=0.9842 pens=225
v1.4.1 create cone/hatch  paths=566 ink=2523.1 RP=4.542 A1=- bareP95=0.0000 A2n=90 A2loc=66 A3=0.1929 poolR2=0.0008 ovMax=0.0280 over2=1 w25=0.06041 hole=1.038 bandC=0.0716 O5=- cov=0.9977 pens=456
v1.4.1 create cone/contour  paths=645 ink=2523.8 RP=4.458 A1=- bareP95=0.0000 A2n=17 A2loc=20 A3=0.0116 poolR2=0.0026 ovMax=0.0280 over2=1 w25=0.04127 hole=1.008 bandC=0.0252 O5=- cov=0.9993 pens=535
v1.4.1 test sphere/hatch  paths=697 ink=3224.9 RP=4.502 A1=- bareP95=0.0000 A2n=142 A2loc=91 A3=0.1749 poolR2=0.0047 ovMax=0.0280 over2=2 w25=0.07761 hole=1.098 bandC=0.0623 O5=- cov=0.9936 pens=629
v1.4.1 test sphere/contour  paths=694 ink=3062.2 RP=4.452 A1=- bareP95=0.0000 A2n=74 A2loc=63 A3=0.2265 poolR2=0.0001 ovMax=0.0280 over2=2 w25=0.07019 hole=1.079 bandC=0.0333 O5=- cov=0.9937 pens=626
v1.4.1 test torus/hatch  paths=785 ink=3146.8 RP=4.516 A1=- bareP95=0.0000 A2n=173 A2loc=115 A3=0.0762 poolR2=0.0004 ovMax=0.0280 over2=3 w25=0.08671 hole=1.044 bandC=0.2604 O5=- cov=0.9985 pens=735
v1.4.1 test torus/contour  paths=535 ink=2727.9 RP=4.52 A1=- bareP95=0.0000 A2n=86 A2loc=78 A3=0.1818 poolR2=0.0152 ovMax=0.0280 over2=70 w25=0.08746 hole=1.063 bandC=0.3139 O5=- cov=0.9942 pens=502
v1.4.1 test cone/hatch  paths=443 ink=2133.2 RP=4.428 A1=- bareP95=0.0000 A2n=68 A2loc=53 A3=0.1604 poolR2=0.0000 ovMax=0.0280 over2=19 w25=0.06906 hole=0.984 bandC=0.1048 O5=- cov=0.9972 pens=370
v1.4.1 test cone/contour  paths=540 ink=2246.8 RP=4.514 A1=- bareP95=0.0000 A2n=11 A2loc=13 A3=0.0204 poolR2=0.0122 ovMax=0.0280 over2=1 w25=0.07523 hole=1.039 bandC=0.0211 O5=- cov=0.9980 pens=467
T2-3c create sphere/hatch  paths=1117 ink=4894.8 RP=4.474 A1=0.0000 bareP95=0.4319 A2n=260 A2loc=115 A3=0.3218 poolR2=0.1587 ovMax=0.0800 over2=0 w25=0.05436 hole=0.992 bandC=0.0797 O5=3.1422 cov=0.9796 pens=1001
T2-3c create sphere/contour  paths=1121 ink=4748.8 RP=4.54 A1=0.0000 bareP95=0.4581 A2n=175 A2loc=99 A3=0.4912 poolR2=0.1750 ovMax=0.0800 over2=0 w25=0.06491 hole=1.038 bandC=0.0515 O5=2.4399 cov=0.9905 pens=1005
T2-3c create torus/hatch  paths=435 ink=1268.8 RP=4.423 A1=0.0000 bareP95=0.5227 A2n=107 A2loc=9 A3=0.1123 poolR2=0.3173 ovMax=0.0800 over2=0 w25=0.13808 hole=0.980 bandC=0.2723 O5=2.5864 cov=0.9882 pens=321
T2-3c create torus/contour  paths=387 ink=1365.8 RP=4.477 A1=0.0000 bareP95=0.4876 A2n=98 A2loc=34 A3=0.2248 poolR2=0.2526 ovMax=0.0800 over2=18 w25=0.17321 hole=0.991 bandC=0.4651 O5=3.0734 cov=0.9773 pens=274
T2-3c create cone/hatch  paths=580 ink=2485.7 RP=4.542 A1=0.0000 bareP95=0.5352 A2n=105 A2loc=81 A3=0.0466 poolR2=0.1017 ovMax=0.0800 over2=40 w25=0.06054 hole=1.038 bandC=0.0892 O5=2.4153 cov=0.9882 pens=470
T2-3c create cone/contour  paths=683 ink=2530.5 RP=4.458 A1=0.0000 bareP95=0.4097 A2n=84 A2loc=42 A3=0.6161 poolR2=0.6024 ovMax=0.0800 over2=0 w25=0.04113 hole=0.995 bandC=0.0258 O5=2.6137 cov=0.9993 pens=573
T2-3c test sphere/hatch  paths=716 ink=3158 RP=4.502 A1=0.0000 bareP95=0.4515 A2n=180 A2loc=105 A3=0.2722 poolR2=0.1604 ovMax=0.0800 over2=0 w25=0.07814 hole=1.110 bandC=0.1170 O5=3.0772 cov=0.9833 pens=648
T2-3c test sphere/contour  paths=709 ink=3007.5 RP=4.452 A1=0.0000 bareP95=0.4527 A2n=97 A2loc=56 A3=0.5778 poolR2=0.1561 ovMax=0.0800 over2=0 w25=0.06685 hole=1.079 bandC=0.0431 O5=2.3477 cov=0.9898 pens=641
T2-3c test torus/hatch  paths=892 ink=3211.9 RP=4.516 A1=0.0000 bareP95=0.4819 A2n=273 A2loc=102 A3=0.1380 poolR2=0.2171 ovMax=0.0800 over2=0 w25=0.07664 hole=1.044 bandC=0.2203 O5=2.3510 cov=0.9924 pens=845
T2-3c test torus/contour  paths=603 ink=2723.4 RP=4.52 A1=0.0000 bareP95=0.5353 A2n=175 A2loc=66 A3=0.2299 poolR2=0.2125 ovMax=0.0800 over2=67 w25=0.08742 hole=1.081 bandC=0.2926 O5=2.8518 cov=0.9883 pens=563
T2-3c test cone/hatch  paths=452 ink=2110.6 RP=4.428 A1=0.0000 bareP95=0.5175 A2n=78 A2loc=61 A3=0.0641 poolR2=0.1000 ovMax=0.0800 over2=57 w25=0.06974 hole=0.984 bandC=0.1134 O5=2.6838 cov=0.9860 pens=379
T2-3c test cone/contour  paths=568 ink=2248.8 RP=4.514 A1=0.0000 bareP95=0.4009 A2n=46 A2loc=35 A3=0.6599 poolR2=0.6501 ovMax=0.0800 over2=0 w25=0.07475 hole=1.039 bandC=0.0223 O5=2.8964 cov=0.9924 pens=495
HEAD create sphere/hatch  paths=1117 ink=4894.8 RP=4.474 A1=0.0000 bareP95=0.4319 A2n=260 A2loc=115 A3=0.3218 poolR2=0.1587 ovMax=0.0800 over2=0 w25=0.05436 hole=0.992 bandC=0.0797 O5=3.1422 cov=0.9796 pens=1001
HEAD create sphere/contour  paths=1121 ink=4748.8 RP=4.54 A1=0.0000 bareP95=0.4581 A2n=175 A2loc=99 A3=0.4912 poolR2=0.1750 ovMax=0.0800 over2=0 w25=0.06491 hole=1.038 bandC=0.0515 O5=2.4399 cov=0.9905 pens=1005
HEAD create torus/hatch  paths=435 ink=1268.8 RP=4.423 A1=0.0000 bareP95=0.5227 A2n=107 A2loc=9 A3=0.1123 poolR2=0.3173 ovMax=0.0800 over2=0 w25=0.13808 hole=0.980 bandC=0.2723 O5=2.5864 cov=0.9882 pens=321
HEAD create torus/contour  paths=425 ink=1369 RP=4.477 A1=0.1005 bareP95=0.4876 A2n=100 A2loc=39 A3=0.2597 poolR2=0.2804 ovMax=0.0800 over2=0 w25=0.17318 hole=0.991 bandC=0.4687 O5=3.0695 cov=0.9770 pens=312
HEAD create cone/hatch  paths=664 ink=2500.6 RP=4.542 A1=0.0287 bareP95=0.5352 A2n=108 A2loc=83 A3=0.0783 poolR2=0.0989 ovMax=0.0800 over2=0 w25=0.06091 hole=1.038 bandC=0.0881 O5=2.4301 cov=0.9882 pens=554
HEAD create cone/contour  paths=683 ink=2530.5 RP=4.458 A1=0.0000 bareP95=0.4097 A2n=84 A2loc=42 A3=0.6161 poolR2=0.6024 ovMax=0.0800 over2=0 w25=0.04113 hole=0.995 bandC=0.0258 O5=2.6137 cov=0.9993 pens=573
HEAD test sphere/hatch  paths=716 ink=3158 RP=4.502 A1=0.0000 bareP95=0.4515 A2n=180 A2loc=105 A3=0.2722 poolR2=0.1604 ovMax=0.0800 over2=0 w25=0.07814 hole=1.110 bandC=0.1170 O5=3.0772 cov=0.9833 pens=648
HEAD test sphere/contour  paths=709 ink=3007.5 RP=4.452 A1=0.0000 bareP95=0.4527 A2n=97 A2loc=56 A3=0.5778 poolR2=0.1561 ovMax=0.0800 over2=0 w25=0.06685 hole=1.079 bandC=0.0431 O5=2.3477 cov=0.9898 pens=641
HEAD test torus/hatch  paths=892 ink=3211.9 RP=4.516 A1=0.0000 bareP95=0.4819 A2n=273 A2loc=102 A3=0.1380 poolR2=0.2171 ovMax=0.0800 over2=0 w25=0.07664 hole=1.044 bandC=0.2203 O5=2.3510 cov=0.9924 pens=845
HEAD test torus/contour  paths=700 ink=2723.2 RP=4.52 A1=0.1482 bareP95=0.5223 A2n=182 A2loc=72 A3=0.2713 poolR2=0.2746 ovMax=0.0800 over2=0 w25=0.08740 hole=1.081 bandC=0.3012 O5=2.8677 cov=0.9843 pens=660
HEAD test cone/hatch  paths=540 ink=2114 RP=4.428 A1=0.1596 bareP95=0.4966 A2n=82 A2loc=60 A3=0.1308 poolR2=0.1121 ovMax=0.0800 over2=0 w25=0.06964 hole=0.984 bandC=0.1088 O5=2.6937 cov=0.9860 pens=467
HEAD test cone/contour  paths=568 ink=2248.8 RP=4.514 A1=0.0000 bareP95=0.4009 A2n=46 A2loc=35 A3=0.6599 poolR2=0.6501 ovMax=0.0800 over2=0 w25=0.07475 hole=1.039 bandC=0.0223 O5=2.8964 cov=0.9924 pens=495
