d50 D62 create sphere/hatch  paths=1227 ink=4825.7 pens=1246 A1=0.7986/0.7473 bareP95=0.2514 bareMax=0.748 A2n=547(0.445) A2loc=135 A3=0.3718 poolR2=0.4012 ovMax=0.0800 over2=0 w25=0.06347 hole=0.992 bandC=0.1232 O5=3.1358 cov=0.9770 tooShort=123 subs/site=1.25
d50 D62 create sphere/contour  paths=1267 ink=4684.1 pens=1269 A1=0.7914/0.6874 bareP95=0.2369 bareMax=0.921 A2n=517(0.411) A2loc=118 A3=0.6193 poolR2=0.4931 ovMax=0.0800 over2=0 w25=0.06927 hole=1.038 bandC=0.1106 O5=2.4175 cov=0.9842 tooShort=43 subs/site=1.27
d50 D62 create torus/hatch  paths=463 ink=1248.6 pens=441 A1=0.6784/0.0535 bareP95=0.2624 bareMax=0.726 A2n=236(0.545) A2loc=39 A3=0.4257 poolR2=0.5754 ovMax=0.0800 over2=0 w25=0.15278 hole=0.980 bandC=0.2594 O5=2.0609*NONMONO cov=0.9701 tooShort=14 subs/site=1.41
d50 D62 create torus/contour  paths=469 ink=1344.6 pens=435 A1=0.6823/0.3693 bareP95=0.3024 bareMax=0.836 A2n=244(0.566) A2loc=71 A3=0.4715 poolR2=0.5191 ovMax=0.0800 over2=0 w25=0.17302 hole=0.991 bandC=0.4821 O5=2.8492 cov=0.9791 tooShort=14 subs/site=1.59
d50 D62 create cone/hatch  paths=753 ink=2470.5 pens=712 A1=0.8152/0.7857 bareP95=0.3023 bareMax=0.753 A2n=301(0.427) A2loc=102 A3=0.3596 poolR2=0.4202 ovMax=0.0800 over2=0 w25=0.06379 hole=1.038 bandC=0.0596 O5=2.4146 cov=0.9882 tooShort=49 subs/site=1.51
d50 D62 create cone/contour  paths=754 ink=2483.1 pens=736 A1=0.7505/0.5393 bareP95=0.2193 bareMax=0.505 A2n=298(0.406) A2loc=67 A3=0.7834 poolR2=0.7773 ovMax=0.0800 over2=0 w25=0.04388 hole=0.995 bandC=0.0250 O5=2.6022 cov=0.9943 tooShort=17 subs/site=1.29
d50 D62 test sphere/hatch  paths=801 ink=3113.3 pens=805 A1=0.7387/0.6929 bareP95=0.2770 bareMax=0.861 A2n=386(0.484) A2loc=108 A3=0.3521 poolR2=0.3861 ovMax=0.0800 over2=0 w25=0.08092 hole=1.110 bandC=0.0710 O5=3.1193 cov=0.9764 tooShort=54 subs/site=1.25
d50 D62 test sphere/contour  paths=810 ink=2971.9 pens=823 A1=0.8306/0.7839 bareP95=0.2379 bareMax=0.577 A2n=331(0.406) A2loc=68 A3=0.6855 poolR2=0.4942 ovMax=0.0800 over2=0 w25=0.07024 hole=1.079 bandC=0.0806 O5=2.3083 cov=0.9862 tooShort=34 subs/site=1.29
d50 D62 test torus/hatch  paths=1011 ink=3114 pens=1196 A1=0.7524/0.5440 bareP95=0.2952 bareMax=0.759 A2n=717(0.605) A2loc=161 A3=0.3773 poolR2=0.4758 ovMax=0.0800 over2=0 w25=0.08198 hole=1.044 bandC=0.2793 O5=2.1351 cov=0.9750 tooShort=24 subs/site=1.45
d50 D62 test torus/contour  paths=809 ink=2643 pens=911 A1=0.8366/0.5028 bareP95=0.2996 bareMax=0.638 A2n=490(0.544) A2loc=134 A3=0.4855 poolR2=0.5472 ovMax=0.0800 over2=0 w25=0.09080 hole=1.081 bandC=0.3027 O5=2.8851 cov=0.9716 tooShort=45 subs/site=1.64
d50 D62 test cone/hatch  paths=597 ink=2092.7 pens=563 A1=0.7923/0.6665 bareP95=0.2878 bareMax=0.782 A2n=203(0.361) A2loc=77 A3=0.3172 poolR2=0.3832 ovMax=0.0800 over2=0 w25=0.07099 hole=0.984 bandC=0.1048 O5=2.6384 cov=0.9815 tooShort=43 subs/site=1.50
d50 D62 test cone/contour  paths=630 ink=2215.8 pens=623 A1=0.6883/0.5622 bareP95=0.2126 bareMax=0.470 A2n=239(0.384) A2loc=74 A3=0.7922 poolR2=0.7941 ovMax=0.0800 over2=0 w25=0.07537 hole=1.039 bandC=0.0172 O5=2.8880 cov=0.9870 tooShort=13 subs/site=1.27
d50 D62_70 create sphere/hatch  paths=1196 ink=4827.7 pens=1210 A1=0.6801/0.6375 bareP95=0.2618 bareMax=0.748 A2n=508(0.426) A2loc=133 A3=0.3691 poolR2=0.3791 ovMax=0.0800 over2=0 w25=0.06347 hole=0.992 bandC=0.1342 O5=3.1358 cov=0.9770 tooShort=123 subs/site=1.21
d50 D62_70 create sphere/contour  paths=1218 ink=4689.4 pens=1220 A1=0.6423/0.5558 bareP95=0.2542 bareMax=0.921 A2n=452(0.374) A2loc=117 A3=0.6055 poolR2=0.4589 ovMax=0.0800 over2=0 w25=0.06927 hole=1.038 bandC=0.1076 O5=2.4175 cov=0.9859 tooShort=43 subs/site=1.22
d50 D62_70 create torus/hatch  paths=453 ink=1248.3 pens=431 A1=0.6138/0.0535 bareP95=0.2624 bareMax=0.726 A2n=222(0.525) A2loc=38 A3=0.4034 poolR2=0.5567 ovMax=0.0800 over2=0 w25=0.15278 hole=0.980 bandC=0.2594 O5=2.0609*NONMONO cov=0.9701 tooShort=14 subs/site=1.38
d50 D62_70 create torus/contour  paths=458 ink=1345.5 pens=421 A1=0.6369/0.3488 bareP95=0.3021 bareMax=0.804 A2n=227(0.544) A2loc=67 A3=0.4483 poolR2=0.5050 ovMax=0.0800 over2=0 w25=0.17307 hole=0.991 bandC=0.4722 O5=2.8492 cov=0.9739 tooShort=14 subs/site=1.54
d50 D62_70 create cone/hatch  paths=736 ink=2470.4 pens=695 A1=0.7165/0.6869 bareP95=0.3117 bareMax=0.753 A2n=285(0.414) A2loc=109 A3=0.3368 poolR2=0.3950 ovMax=0.0800 over2=0 w25=0.06384 hole=1.038 bandC=0.0642 O5=2.4146 cov=0.9882 tooShort=49 subs/site=1.48
d50 D62_70 create cone/contour  paths=727 ink=2483.1 pens=709 A1=0.6187/0.5762 bareP95=0.2815 bareMax=0.505 A2n=244(0.345) A2loc=61 A3=0.7625 poolR2=0.7563 ovMax=0.0800 over2=0 w25=0.04388 hole=0.995 bandC=0.0268 O5=2.6022 cov=0.9943 tooShort=17 subs/site=1.24
d50 D62_70 test sphere/hatch  paths=776 ink=3115.4 pens=778 A1=0.6135/0.5752 bareP95=0.2801 bareMax=0.861 A2n=346(0.449) A2loc=107 A3=0.3511 poolR2=0.3619 ovMax=0.0800 over2=0 w25=0.08092 hole=1.110 bandC=0.0777 O5=3.1193 cov=0.9770 tooShort=54 subs/site=1.21
d50 D62_70 test sphere/contour  paths=784 ink=2966.7 pens=797 A1=0.7230/0.6762 bareP95=0.2444 bareMax=0.577 A2n=297(0.376) A2loc=65 A3=0.6879 poolR2=0.4708 ovMax=0.0800 over2=0 w25=0.07024 hole=1.079 bandC=0.0789 O5=2.3083 cov=0.9848 tooShort=33 subs/site=1.25
d50 D62_70 test torus/hatch  paths=987 ink=3108.2 pens=1167 A1=0.7085/0.5021 bareP95=0.2948 bareMax=0.759 A2n=672(0.581) A2loc=164 A3=0.3642 poolR2=0.4677 ovMax=0.0800 over2=0 w25=0.08453 hole=1.044 bandC=0.2750 O5=2.1351 cov=0.9758 tooShort=22 subs/site=1.41
d50 D62_70 test torus/contour  paths=771 ink=2644.4 pens=873 A1=0.7475/0.4553 bareP95=0.3005 bareMax=0.638 A2n=439(0.509) A2loc=132 A3=0.4573 poolR2=0.5297 ovMax=0.0800 over2=0 w25=0.09084 hole=1.081 bandC=0.2969 O5=2.8848 cov=0.9716 tooShort=45 subs/site=1.58
d50 D62_70 test cone/hatch  paths=583 ink=2092.9 pens=549 A1=0.6841/0.5583 bareP95=0.3247 bareMax=0.782 A2n=185(0.338) A2loc=79 A3=0.2985 poolR2=0.3557 ovMax=0.0800 over2=0 w25=0.07044 hole=0.984 bandC=0.1003 O5=2.6384 cov=0.9815 tooShort=43 subs/site=1.46
d50 D62_70 test cone/contour  paths=630 ink=2215.8 pens=623 A1=0.6883/0.5622 bareP95=0.2126 bareMax=0.470 A2n=239(0.384) A2loc=74 A3=0.7922 poolR2=0.7941 ovMax=0.0800 over2=0 w25=0.07537 hole=1.039 bandC=0.0172 O5=2.8880 cov=0.9870 tooShort=13 subs/site=1.27
d50 D75 create sphere/hatch  paths=1258 ink=4768.7 pens=1326 A1=0.8608/0.8173 bareP95=0.2185 bareMax=0.748 A2n=636(0.486) A2loc=125 A3=0.4575 poolR2=0.4447 ovMax=0.0800 over2=0 w25=0.06483 hole=1.079 bandC=0.1526 O5=3.2168 cov=0.9649 tooShort=123 subs/site=1.35
d50 D75 create sphere/contour  paths=1330 ink=4653.6 pens=1398 A1=0.8356/0.7290 bareP95=0.2022 bareMax=0.921 A2n=673(0.485) A2loc=89 A3=0.6315 poolR2=0.5540 ovMax=0.0800 over2=0 w25=0.07028 hole=1.038 bandC=0.1230 O5=2.4170 cov=0.9848 tooShort=43 subs/site=1.40
d50 D75 create torus/hatch  paths=460 ink=1229.8 pens=486 A1=0.4903/0.0299 bareP95=0.2497 bareMax=0.726 A2n=288(0.603) A2loc=23 A3=0.4724 poolR2=0.6079 ovMax=0.0800 over2=0 w25=0.14767 hole=0.980 bandC=0.2416 O5=2.0363*NONMONO cov=0.9689 tooShort=13 subs/site=1.56
d50 D75 create torus/contour  paths=487 ink=1334.2 pens=497 A1=0.7534/0.4314 bareP95=0.2473 bareMax=0.804 A2n=315(0.639) A2loc=73 A3=0.5363 poolR2=0.5653 ovMax=0.0800 over2=0 w25=0.17334 hole=0.991 bandC=0.4631 O5=2.7636 cov=0.9808 tooShort=12 subs/site=1.81
d50 D75 create cone/hatch  paths=786 ink=2456.5 pens=779 A1=0.8242/0.7989 bareP95=0.2447 bareMax=0.753 A2n=374(0.484) A2loc=74 A3=0.4087 poolR2=0.4811 ovMax=0.0800 over2=0 w25=0.06137 hole=1.038 bandC=0.0601 O5=2.3798 cov=0.9882 tooShort=49 subs/site=1.66
d50 D75 create cone/contour  paths=798 ink=2455 pens=863 A1=0.8285/0.5860 bareP95=0.2063 bareMax=0.505 A2n=453(0.526) A2loc=51 A3=0.8242 poolR2=0.8192 ovMax=0.0800 over2=0 w25=0.04917 hole=0.995 bandC=0.0407 O5=2.5694 cov=0.9993 tooShort=17 subs/site=1.51
d50 D75 test sphere/hatch  paths=803 ink=3053.9 pens=877 A1=0.7631/0.7248 bareP95=0.2247 bareMax=0.861 A2n=454(0.522) A2loc=83 A3=0.3364 poolR2=0.4482 ovMax=0.0800 over2=0 w25=0.08392 hole=1.110 bandC=0.0698 O5=3.0865 cov=0.9666 tooShort=53 subs/site=1.38
d50 D75 test sphere/contour  paths=837 ink=2937 pens=906 A1=0.8957/0.8371 bareP95=0.2096 bareMax=0.577 A2n=425(0.473) A2loc=58 A3=0.6976 poolR2=0.5592 ovMax=0.0800 over2=0 w25=0.07368 hole=1.079 bandC=0.1099 O5=2.3127 cov=0.9812 tooShort=35 subs/site=1.43
d50 D75 test torus/hatch  paths=992 ink=3040.1 pens=1335 A1=0.7438/0.5379 bareP95=0.2220 bareMax=0.759 A2n=873(0.658) A2loc=116 A3=0.3960 poolR2=0.5185 ovMax=0.0800 over2=0 w25=0.08627 hole=1.044 bandC=0.2761 O5=2.0798 cov=0.9597 tooShort=23 subs/site=1.65
d50 D75 test torus/contour  paths=853 ink=2619.9 pens=1026 A1=0.8274/0.5016 bareP95=0.2588 bareMax=0.638 A2n=623(0.613) A2loc=93 A3=0.5352 poolR2=0.5984 ovMax=0.0800 over2=0 w25=0.09714 hole=1.099 bandC=0.3145 O5=2.7617 cov=0.9716 tooShort=43 subs/site=1.86
d50 D75 test cone/hatch  paths=628 ink=2076.7 pens=635 A1=0.7687/0.6617 bareP95=0.2528 bareMax=0.782 A2n=292(0.461) A2loc=72 A3=0.4112 poolR2=0.4838 ovMax=0.0800 over2=0 w25=0.07029 hole=0.984 bandC=0.1077 O5=2.6125 cov=0.9836 tooShort=42 subs/site=1.68
d50 D75 test cone/contour  paths=706 ink=2190.3 pens=770 A1=0.8086/0.5736 bareP95=0.2006 bareMax=0.470 A2n=423(0.550) A2loc=34 A3=0.8363 poolR2=0.8358 ovMax=0.0800 over2=0 w25=0.07760 hole=1.039 bandC=0.0261 O5=2.8337 cov=0.9924 tooShort=13 subs/site=1.56
d50 D62n3 create sphere/hatch  paths=1235 ink=4834 pens=1234 A1=0.7986/0.7473 bareP95=0.2618 bareMax=0.748 A2n=535(0.440) A2loc=123 A3=0.3680 poolR2=0.3936 ovMax=0.0800 over2=0 w25=0.06113 hole=0.992 bandC=0.1019 O5=3.1358 cov=0.9770 tooShort=123 subs/site=1.24
d50 D62n3 create sphere/contour  paths=1275 ink=4693.5 pens=1253 A1=0.7914/0.6874 bareP95=0.2620 bareMax=0.921 A2n=501(0.403) A2loc=106 A3=0.6149 poolR2=0.4825 ovMax=0.0800 over2=0 w25=0.06800 hole=1.038 bandC=0.1025 O5=2.4175 cov=0.9842 tooShort=43 subs/site=1.25
d50 D62n3 create torus/hatch  paths=463 ink=1248.6 pens=441 A1=0.6784/0.0535 bareP95=0.2624 bareMax=0.726 A2n=236(0.545) A2loc=39 A3=0.4257 poolR2=0.5754 ovMax=0.0800 over2=0 w25=0.15278 hole=0.980 bandC=0.2594 O5=2.0609*NONMONO cov=0.9701 tooShort=14 subs/site=1.41
d50 D62n3 create torus/contour  paths=472 ink=1350.9 pens=429 A1=0.6698/0.3567 bareP95=0.3059 bareMax=0.836 A2n=237(0.558) A2loc=69 A3=0.4630 poolR2=0.5103 ovMax=0.0800 over2=0 w25=0.17302 hole=0.991 bandC=0.4821 O5=2.7944 cov=0.9791 tooShort=14 subs/site=1.57
d50 D62n3 create cone/hatch  paths=756 ink=2477 pens=699 A1=0.8152/0.7857 bareP95=0.3217 bareMax=0.753 A2n=288(0.416) A2loc=90 A3=0.3429 poolR2=0.4042 ovMax=0.0800 over2=0 w25=0.06098 hole=1.038 bandC=0.0593 O5=2.4134 cov=0.9882 tooShort=49 subs/site=1.49
d50 D62n3 create cone/contour  paths=754 ink=2483.1 pens=736 A1=0.7505/0.5393 bareP95=0.2193 bareMax=0.505 A2n=298(0.406) A2loc=67 A3=0.7834 poolR2=0.7773 ovMax=0.0800 over2=0 w25=0.04388 hole=0.995 bandC=0.0250 O5=2.6022 cov=0.9943 tooShort=17 subs/site=1.29
d50 D62n3 test sphere/hatch  paths=809 ink=3122.9 pens=816 A1=0.7474/0.7031 bareP95=0.2770 bareMax=0.861 A2n=397(0.491) A2loc=107 A3=0.3494 poolR2=0.3923 ovMax=0.0800 over2=0 w25=0.08092 hole=1.110 bandC=0.0673 O5=3.0373 cov=0.9831 tooShort=54 subs/site=1.26
d50 D62n3 test sphere/contour  paths=808 ink=2973 pens=809 A1=0.8283/0.7810 bareP95=0.2451 bareMax=0.577 A2n=317(0.396) A2loc=68 A3=0.6791 poolR2=0.4803 ovMax=0.0800 over2=0 w25=0.06979 hole=1.079 bandC=0.0775 O5=2.3078 cov=0.9844 tooShort=34 subs/site=1.27
d50 D62n3 test torus/hatch  paths=1011 ink=3114 pens=1196 A1=0.7524/0.5440 bareP95=0.2952 bareMax=0.759 A2n=717(0.605) A2loc=161 A3=0.3773 poolR2=0.4758 ovMax=0.0800 over2=0 w25=0.08198 hole=1.044 bandC=0.2793 O5=2.1351 cov=0.9750 tooShort=24 subs/site=1.45
d50 D62n3 test torus/contour  paths=811 ink=2649.4 pens=899 A1=0.8280/0.5028 bareP95=0.3138 bareMax=0.638 A2n=478(0.538) A2loc=123 A3=0.4810 poolR2=0.5405 ovMax=0.0800 over2=0 w25=0.09079 hole=1.081 bandC=0.2969 O5=2.8793 cov=0.9716 tooShort=45 subs/site=1.62
d50 D62n3 test cone/hatch  paths=597 ink=2094.2 pens=559 A1=0.7923/0.6665 bareP95=0.3202 bareMax=0.782 A2n=199(0.357) A2loc=76 A3=0.3126 poolR2=0.3760 ovMax=0.0800 over2=0 w25=0.07099 hole=0.984 bandC=0.1055 O5=2.6384 cov=0.9815 tooShort=43 subs/site=1.49
d50 D62n3 test cone/contour  paths=630 ink=2215.8 pens=623 A1=0.6883/0.5622 bareP95=0.2126 bareMax=0.470 A2n=239(0.384) A2loc=74 A3=0.7922 poolR2=0.7941 ovMax=0.0800 over2=0 w25=0.07537 hole=1.039 bandC=0.0172 O5=2.8880 cov=0.9870 tooShort=13 subs/site=1.27
