d50 F1 create sphere/hatch  paths=1183 ink=4865.3 pens=1130 A1=0.4480/0.4461 bareP95=0.2868 bareMax=0.876 A2n=412(0.371) A2loc=143 A3=0.3231 poolR2=0.3111 ovMax=0.0800 over2=0 w25=0.05784 hole=0.992 bandC=0.0998 O5=3.1279 cov=0.9793 tooShort=123 subs/site=1.13
d50 F1 create sphere/contour  paths=1197 ink=4727 pens=1122 A1=0.4077/0.4055 bareP95=0.2535 bareMax=0.921 A2n=340(0.306) A2loc=121 A3=0.5543 poolR2=0.3605 ovMax=0.0800 over2=0 w25=0.06536 hole=1.038 bandC=0.0671 O5=2.4400 cov=0.9895 tooShort=43 subs/site=1.12
d50 F1 create torus/hatch  paths=449 ink=1267.4 pens=345 A1=0.1596/0.0000 bareP95=0.5082 bareMax=0.726 A2n=138(0.409) A2loc=19 A3=0.2534 poolR2=0.4007 ovMax=0.0800 over2=0 w25=0.13808 hole=0.980 bandC=0.2723 O5=2.5278 cov=0.9882 tooShort=10 subs/site=1.07
d50 F1 create torus/contour  paths=441 ink=1360.6 pens=355 A1=0.3624/0.2082 bareP95=0.4512 bareMax=0.685 A2n=152(0.433) A2loc=52 A3=0.3257 poolR2=0.4014 ovMax=0.0800 over2=0 w25=0.17307 hole=0.991 bandC=0.4643 O5=2.9924 cov=0.9770 tooShort=13 subs/site=1.30
d50 F1 create cone/hatch  paths=714 ink=2491.4 pens=624 A1=0.4793/0.4793 bareP95=0.3849 bareMax=0.963 A2n=200(0.324) A2loc=113 A3=0.2259 poolR2=0.2740 ovMax=0.0800 over2=0 w25=0.06244 hole=1.038 bandC=0.0642 O5=2.4254 cov=0.9882 tooShort=49 subs/site=1.33
d50 F1 create cone/contour  paths=728 ink=2504.3 pens=671 A1=0.4700/0.4310 bareP95=0.2870 bareMax=0.577 A2n=206(0.308) A2loc=77 A3=0.7407 poolR2=0.7334 ovMax=0.0800 over2=0 w25=0.04136 hole=0.995 bandC=0.0277 O5=2.6080 cov=0.9960 tooShort=17 subs/site=1.18
d50 F1 test sphere/hatch  paths=753 ink=3138.2 pens=728 A1=0.3702/0.3588 bareP95=0.3587 bareMax=0.861 A2n=282(0.391) A2loc=102 A3=0.3035 poolR2=0.2951 ovMax=0.0800 over2=0 w25=0.07857 hole=1.110 bandC=0.0857 O5=3.0730 cov=0.9833 tooShort=54 subs/site=1.12
d50 F1 test sphere/contour  paths=759 ink=2993 pens=720 A1=0.4504/0.4504 bareP95=0.2276 bareMax=0.873 A2n=203(0.285) A2loc=74 A3=0.6381 poolR2=0.3566 ovMax=0.0800 over2=0 w25=0.06687 hole=1.079 bandC=0.0615 O5=2.3481 cov=0.9898 tooShort=33 subs/site=1.12
d50 F1 test torus/hatch  paths=988 ink=3161.7 pens=1050 A1=0.4935/0.3390 bareP95=0.3196 bareMax=0.759 A2n=547(0.526) A2loc=170 A3=0.2933 poolR2=0.4125 ovMax=0.0800 over2=0 w25=0.07802 hole=1.044 bandC=0.2372 O5=2.3264 cov=0.9908 tooShort=19 subs/site=1.24
d50 F1 test torus/contour  paths=750 ink=2691.9 pens=790 A1=0.4841/0.3264 bareP95=0.4018 bareMax=0.865 A2n=338(0.433) A2loc=142 A3=0.3647 poolR2=0.4507 ovMax=0.0800 over2=0 w25=0.08815 hole=1.081 bandC=0.3032 O5=2.8458 cov=0.9843 tooShort=43 subs/site=1.41
d50 F1 test cone/hatch  paths=572 ink=2107.8 pens=519 A1=0.5563/0.5135 bareP95=0.3415 bareMax=0.849 A2n=148(0.286) A2loc=89 A3=0.2351 poolR2=0.2828 ovMax=0.0800 over2=0 w25=0.07009 hole=0.984 bandC=0.1029 O5=2.6512 cov=0.9860 tooShort=40 subs/site=1.37
d50 F1 test cone/contour  paths=633 ink=2235.4 pens=590 A1=0.4789/0.3945 bareP95=0.3554 bareMax=0.541 A2n=206(0.350) A2loc=63 A3=0.7578 poolR2=0.7580 ovMax=0.0800 over2=0 w25=0.07475 hole=1.039 bandC=0.0244 O5=2.8962 cov=0.9924 tooShort=13 subs/site=1.19
d50 F2 create sphere/hatch  paths=1179 ink=4861.5 pens=1135 A1=0.5011/0.5011 bareP95=0.2763 bareMax=0.748 A2n=422(0.378) A2loc=136 A3=0.3295 poolR2=0.3197 ovMax=0.0860 over2=0 w25=0.06011 hole=0.992 bandC=0.0857 O5=3.1237 cov=0.9793 tooShort=123 subs/site=1.14
d50 F2 create sphere/contour  paths=1189 ink=4720.3 pens=1124 A1=0.4848/0.4770 bareP95=0.2602 bareMax=0.921 A2n=336(0.302) A2loc=124 A3=0.5805 poolR2=0.3740 ovMax=0.0864 over2=0 w25=0.06706 hole=1.038 bandC=0.0660 O5=2.4413 cov=0.9883 tooShort=43 subs/site=1.12
d50 F2 create torus/hatch  paths=445 ink=1269.4 pens=336 A1=0.1242/0.0000 bareP95=0.5082 bareMax=0.726 A2n=129(0.393) A2loc=19 A3=0.2080 poolR2=0.3738 ovMax=0.0800 over2=0 w25=0.13808 hole=0.980 bandC=0.2723 O5=2.5310 cov=0.9882 tooShort=10 subs/site=1.05
d50 F2 create torus/contour  paths=442 ink=1361.2 pens=355 A1=0.3968/0.2381 bareP95=0.4457 bareMax=0.685 A2n=150(0.427) A2loc=50 A3=0.3291 poolR2=0.4057 ovMax=0.0889 over2=0 w25=0.17313 hole=0.991 bandC=0.4665 O5=2.9655 cov=0.9770 tooShort=13 subs/site=1.30
d50 F2 create cone/hatch  paths=711 ink=2489.8 pens=626 A1=0.5413/0.5413 bareP95=0.3257 bareMax=0.963 A2n=198(0.320) A2loc=111 A3=0.2312 poolR2=0.2840 ovMax=0.0897 over2=0 w25=0.06299 hole=1.038 bandC=0.0648 O5=2.4156 cov=0.9882 tooShort=49 subs/site=1.33
d50 F2 create cone/contour  paths=728 ink=2504.3 pens=671 A1=0.4700/0.4310 bareP95=0.2870 bareMax=0.577 A2n=206(0.308) A2loc=77 A3=0.7407 poolR2=0.7334 ovMax=0.0800 over2=0 w25=0.04144 hole=0.995 bandC=0.0286 O5=2.6080 cov=0.9960 tooShort=17 subs/site=1.18
d50 F2 test sphere/hatch  paths=752 ink=3136.5 pens=729 A1=0.4047/0.3900 bareP95=0.3080 bareMax=0.861 A2n=283(0.392) A2loc=95 A3=0.3337 poolR2=0.3014 ovMax=0.0970 over2=0 w25=0.07955 hole=1.110 bandC=0.0797 O5=3.0756 cov=0.9833 tooShort=53 subs/site=1.13
d50 F2 test sphere/contour  paths=757 ink=2984.1 pens=729 A1=0.5488/0.5272 bareP95=0.2475 bareMax=0.718 A2n=210(0.291) A2loc=68 A3=0.6620 poolR2=0.3833 ovMax=0.0856 over2=0 w25=0.06939 hole=1.079 bandC=0.0485 O5=2.3465 cov=0.9862 tooShort=33 subs/site=1.14
d50 F2 test torus/hatch  paths=976 ink=3159.9 pens=1035 A1=0.5367/0.3741 bareP95=0.2655 bareMax=0.759 A2n=529(0.516) A2loc=147 A3=0.2837 poolR2=0.4092 ovMax=0.0925 over2=0 w25=0.08236 hole=1.044 bandC=0.2429 O5=2.3417 cov=0.9924 tooShort=19 subs/site=1.22
d50 F2 test torus/contour  paths=750 ink=2696.7 pens=770 A1=0.5480/0.3718 bareP95=0.3968 bareMax=0.865 A2n=312(0.411) A2loc=120 A3=0.3602 poolR2=0.4425 ovMax=0.0950 over2=0 w25=0.08783 hole=1.081 bandC=0.3043 O5=2.8645 cov=0.9821 tooShort=43 subs/site=1.37
d50 F2 test cone/hatch  paths=572 ink=2107.8 pens=519 A1=0.5563/0.5135 bareP95=0.3415 bareMax=0.849 A2n=148(0.286) A2loc=89 A3=0.2351 poolR2=0.2829 ovMax=0.0857 over2=0 w25=0.07009 hole=0.984 bandC=0.1033 O5=2.6514 cov=0.9860 tooShort=40 subs/site=1.37
d50 F2 test cone/contour  paths=598 ink=2219.1 pens=595 A1=0.4715/0.4523 bareP95=0.2871 bareMax=0.541 A2n=176(0.296) A2loc=62 A3=0.7710 poolR2=0.7669 ovMax=0.0957 over2=0 w25=0.07577 hole=1.039 bandC=0.0239 O5=2.8956 cov=0.9924 tooShort=13 subs/site=1.20
d50 F3 create sphere/hatch  paths=1182 ink=4882 pens=1093 A1=0.4480/0.4461 bareP95=0.2981 bareMax=0.876 A2n=375(0.349) A2loc=114 A3=0.3218 poolR2=0.2734 ovMax=0.0800 over2=0 w25=0.05649 hole=0.992 bandC=0.0800 O5=3.1280 cov=0.9793 tooShort=123 subs/site=1.09
d50 F3 create sphere/contour  paths=1197 ink=4745.4 pens=1084 A1=0.4077/0.4055 bareP95=0.2703 bareMax=0.921 A2n=302(0.281) A2loc=85 A3=0.5381 poolR2=0.3101 ovMax=0.0800 over2=0 w25=0.06507 hole=1.038 bandC=0.0529 O5=2.4397 cov=0.9895 tooShort=43 subs/site=1.08
d50 F3 create torus/hatch  paths=449 ink=1272.1 pens=335 A1=0.1596/0.0000 bareP95=0.5082 bareMax=0.726 A2n=128(0.391) A2loc=9 A3=0.1996 poolR2=0.3711 ovMax=0.0800 over2=0 w25=0.13808 hole=0.980 bandC=0.2723 O5=2.5354 cov=0.9882 tooShort=10 subs/site=1.04
d50 F3 create torus/contour  paths=447 ink=1368.4 pens=339 A1=0.3624/0.2145 bareP95=0.4512 bareMax=0.685 A2n=135(0.403) A2loc=43 A3=0.3098 poolR2=0.3656 ovMax=0.0800 over2=0 w25=0.17307 hole=0.991 bandC=0.4610 O5=3.0353 cov=0.9770 tooShort=13 subs/site=1.24
d50 F3 create cone/hatch  paths=707 ink=2498.4 pens=602 A1=0.4793/0.4793 bareP95=0.3849 bareMax=0.963 A2n=174(0.292) A2loc=83 A3=0.1847 poolR2=0.2262 ovMax=0.0800 over2=0 w25=0.06290 hole=1.038 bandC=0.0640 O5=2.4258 cov=0.9882 tooShort=49 subs/site=1.28
d50 F3 create cone/contour  paths=744 ink=2527.2 pens=634 A1=0.4790/0.4400 bareP95=0.2813 bareMax=0.577 A2n=169(0.267) A2loc=42 A3=0.7117 poolR2=0.7030 ovMax=0.0800 over2=0 w25=0.04113 hole=0.995 bandC=0.0269 O5=2.6081 cov=0.9960 tooShort=17 subs/site=1.11
d50 F3 test sphere/hatch  paths=766 ink=3155.2 pens=704 A1=0.3702/0.3588 bareP95=0.3587 bareMax=0.861 A2n=258(0.370) A2loc=79 A3=0.3022 poolR2=0.2596 ovMax=0.0800 over2=0 w25=0.07844 hole=1.110 bandC=0.0949 O5=3.0730 cov=0.9833 tooShort=54 subs/site=1.09
d50 F3 test sphere/contour  paths=763 ink=3007.5 pens=695 A1=0.4504/0.4504 bareP95=0.2606 bareMax=0.873 A2n=178(0.259) A2loc=51 A3=0.6252 poolR2=0.3037 ovMax=0.0800 over2=0 w25=0.06681 hole=1.079 bandC=0.0459 O5=2.3479 cov=0.9898 tooShort=33 subs/site=1.08
d50 F3 test torus/hatch  paths=1003 ink=3200.5 pens=976 A1=0.4935/0.3426 bareP95=0.3196 bareMax=0.759 A2n=474(0.491) A2loc=108 A3=0.2464 poolR2=0.3608 ovMax=0.0800 over2=0 w25=0.07683 hole=1.044 bandC=0.2355 O5=2.3426 cov=0.9908 tooShort=19 subs/site=1.16
d50 F3 test torus/contour  paths=767 ink=2725 pens=730 A1=0.4823/0.3397 bareP95=0.4018 bareMax=0.865 A2n=274(0.381) A2loc=81 A3=0.3300 poolR2=0.3889 ovMax=0.0800 over2=0 w25=0.08747 hole=1.081 bandC=0.2969 O5=2.8504 cov=0.9843 tooShort=43 subs/site=1.30
d50 F3 test cone/hatch  paths=572 ink=2116.8 pens=499 A1=0.5563/0.5135 bareP95=0.3415 bareMax=0.849 A2n=128(0.257) A2loc=64 A3=0.1989 poolR2=0.2242 ovMax=0.0800 over2=0 w25=0.07011 hole=0.984 bandC=0.1043 O5=2.6537 cov=0.9860 tooShort=40 subs/site=1.32
d50 F3 test cone/contour  paths=633 ink=2248.8 pens=560 A1=0.4789/0.3945 bareP95=0.3554 bareMax=0.541 A2n=176(0.315) A2loc=34 A3=0.7384 poolR2=0.7376 ovMax=0.0800 over2=0 w25=0.07475 hole=1.039 bandC=0.0224 O5=2.8962 cov=0.9924 tooShort=13 subs/site=1.13
