d50 HEAD create sphere/hatch  paths=1117 ink=4894.8 pens=1001 A1=0.0000/0.0000 bareP95=0.4319 bareMax=0.876 A2n=260(0.264) A2loc=115 A3=0.3218 poolR2=0.1587 ovMax=0.0800 over2=0 w25=0.05436 hole=0.992 bandC=0.0797 O5=3.1422 cov=0.9796 tooShort=123 subs/site=1.00
d50 HEAD create sphere/contour  paths=1121 ink=4748.8 pens=1005 A1=0.0000/0.0000 bareP95=0.4581 bareMax=0.921 A2n=175(0.176) A2loc=99 A3=0.4912 poolR2=0.1750 ovMax=0.0800 over2=0 w25=0.06491 hole=1.038 bandC=0.0515 O5=2.4399 cov=0.9905 tooShort=43 subs/site=1.00
d50 HEAD create torus/hatch  paths=435 ink=1268.8 pens=321 A1=0.0000/0.0000 bareP95=0.5227 bareMax=0.726 A2n=107(0.342) A2loc=9 A3=0.1123 poolR2=0.3173 ovMax=0.0800 over2=0 w25=0.13808 hole=0.980 bandC=0.2723 O5=2.5864 cov=0.9882 tooShort=10 subs/site=1.00
d50 HEAD create torus/contour  paths=425 ink=1369 pens=312 A1=0.1005/0.0530 bareP95=0.4876 bareMax=0.685 A2n=100(0.325) A2loc=39 A3=0.2597 poolR2=0.2804 ovMax=0.0800 over2=0 w25=0.17318 hole=0.991 bandC=0.4687 O5=3.0695 cov=0.9770 tooShort=13 subs/site=1.14
d50 HEAD create cone/hatch  paths=664 ink=2500.6 pens=554 A1=0.0287/0.0287 bareP95=0.5352 bareMax=0.963 A2n=108(0.197) A2loc=83 A3=0.0783 poolR2=0.0989 ovMax=0.0800 over2=0 w25=0.06091 hole=1.038 bandC=0.0881 O5=2.4301 cov=0.9882 tooShort=49 subs/site=1.18
d50 HEAD create cone/contour  paths=683 ink=2530.5 pens=573 A1=0.0000/0.0000 bareP95=0.4097 bareMax=0.577 A2n=84(0.147) A2loc=42 A3=0.6161 poolR2=0.6024 ovMax=0.0800 over2=0 w25=0.04113 hole=0.995 bandC=0.0258 O5=2.6137 cov=0.9993 tooShort=17 subs/site=1.00
d50 HEAD test sphere/hatch  paths=716 ink=3158 pens=648 A1=0.0000/0.0000 bareP95=0.4515 bareMax=0.861 A2n=180(0.281) A2loc=105 A3=0.2722 poolR2=0.1604 ovMax=0.0800 over2=0 w25=0.07814 hole=1.110 bandC=0.1170 O5=3.0772 cov=0.9833 tooShort=53 subs/site=1.00
d50 HEAD test sphere/contour  paths=709 ink=3007.5 pens=641 A1=0.0000/0.0000 bareP95=0.4527 bareMax=0.873 A2n=97(0.153) A2loc=56 A3=0.5778 poolR2=0.1561 ovMax=0.0800 over2=0 w25=0.06685 hole=1.079 bandC=0.0431 O5=2.3477 cov=0.9898 tooShort=33 subs/site=1.00
d50 HEAD test torus/hatch  paths=892 ink=3211.9 pens=845 A1=0.0000/0.0000 bareP95=0.4819 bareMax=0.784 A2n=273(0.327) A2loc=102 A3=0.1380 poolR2=0.2171 ovMax=0.0800 over2=0 w25=0.07664 hole=1.044 bandC=0.2203 O5=2.3510 cov=0.9924 tooShort=19 subs/site=1.00
d50 HEAD test torus/contour  paths=700 ink=2723.2 pens=660 A1=0.1482/0.0455 bareP95=0.5223 bareMax=0.865 A2n=182(0.280) A2loc=72 A3=0.2713 poolR2=0.2746 ovMax=0.0800 over2=0 w25=0.08740 hole=1.081 bandC=0.3012 O5=2.8677 cov=0.9843 tooShort=43 subs/site=1.17
d50 HEAD test cone/hatch  paths=540 ink=2114 pens=467 A1=0.1596/0.1067 bareP95=0.4966 bareMax=0.849 A2n=82(0.176) A2loc=60 A3=0.1308 poolR2=0.1121 ovMax=0.0800 over2=0 w25=0.06964 hole=0.984 bandC=0.1088 O5=2.6937 cov=0.9860 tooShort=40 subs/site=1.23
d50 HEAD test cone/contour  paths=568 ink=2248.8 pens=495 A1=0.0000/0.0000 bareP95=0.4009 bareMax=0.541 A2n=46(0.093) A2loc=35 A3=0.6599 poolR2=0.6501 ovMax=0.0800 over2=0 w25=0.07475 hole=1.039 bandC=0.0223 O5=2.8964 cov=0.9924 tooShort=13 subs/site=1.00
d50 E62 create sphere/hatch  paths=1221 ink=4828.3 pens=1232 A1=0.7612/0.7505 bareP95=0.2514 bareMax=0.748 A2n=531(0.437) A2loc=129 A3=0.3417 poolR2=0.3917 ovMax=0.0800 over2=0 w25=0.06366 hole=0.992 bandC=0.1231 O5=3.1274 cov=0.9758 tooShort=123 subs/site=1.24
d50 E62 create sphere/contour  paths=1264 ink=4684.8 pens=1258 A1=0.7815/0.6985 bareP95=0.2380 bareMax=0.921 A2n=506(0.406) A2loc=113 A3=0.6034 poolR2=0.4879 ovMax=0.0800 over2=0 w25=0.06934 hole=1.038 bandC=0.1106 O5=2.4351 cov=0.9842 tooShort=43 subs/site=1.26
d50 E62 create torus/hatch  paths=463 ink=1276.9 pens=349 A1=0.1254/0.0000 bareP95=0.5091 bareMax=0.726 A2n=143(0.419) A2loc=12 A3=0.2611 poolR2=0.4071 ovMax=0.0800 over2=0 w25=0.13805 hole=0.980 bandC=0.2723 O5=2.3954 cov=0.9847 tooShort=10 subs/site=1.09
d50 E62 create torus/contour  paths=454 ink=1352.8 pens=389 A1=0.5106/0.2807 bareP95=0.3598 bareMax=0.628 A2n=190(0.494) A2loc=54 A3=0.3861 poolR2=0.4666 ovMax=0.0800 over2=0 w25=0.17302 hole=0.991 bandC=0.4663 O5=2.9789 cov=0.9770 tooShort=13 subs/site=1.42
d50 E62 create cone/hatch  paths=748 ink=2477.2 pens=692 A1=0.7195/0.7195 bareP95=0.3101 bareMax=0.963 A2n=276(0.403) A2loc=106 A3=0.3254 poolR2=0.3892 ovMax=0.0800 over2=0 w25=0.06275 hole=1.038 bandC=0.0596 O5=2.4116 cov=0.9882 tooShort=49 subs/site=1.47
d50 E62 create cone/contour  paths=755 ink=2485.2 pens=736 A1=0.7342/0.5106 bareP95=0.2522 bareMax=0.505 A2n=298(0.406) A2loc=67 A3=0.7827 poolR2=0.7765 ovMax=0.0800 over2=0 w25=0.04388 hole=0.995 bandC=0.0250 O5=2.6070 cov=0.9960 tooShort=17 subs/site=1.29
d50 E62 test sphere/hatch  paths=797 ink=3110.1 pens=799 A1=0.7241/0.6986 bareP95=0.2770 bareMax=0.861 A2n=379(0.479) A2loc=108 A3=0.3393 poolR2=0.3817 ovMax=0.0800 over2=0 w25=0.08101 hole=1.110 bandC=0.0709 O5=3.1634 cov=0.9744 tooShort=54 subs/site=1.24
d50 E62 test sphere/contour  paths=807 ink=2969.4 pens=815 A1=0.8055/0.7592 bareP95=0.2379 bareMax=0.577 A2n=324(0.401) A2loc=77 A3=0.6841 poolR2=0.4893 ovMax=0.0800 over2=0 w25=0.07034 hole=1.079 bandC=0.0806 O5=2.3398 cov=0.9862 tooShort=33 subs/site=1.28
d50 E62 test torus/hatch  paths=1018 ink=3134.7 pens=1117 A1=0.6103/0.4576 bareP95=0.3018 bareMax=0.759 A2n=637(0.575) A2loc=178 A3=0.3333 poolR2=0.4481 ovMax=0.0800 over2=0 w25=0.08348 hole=1.044 bandC=0.2548 O5=2.3054 cov=0.9842 tooShort=17 subs/site=1.34
d50 E62 test torus/contour  paths=780 ink=2658.2 pens=860 A1=0.7003/0.4696 bareP95=0.3405 bareMax=0.865 A2n=427(0.502) A2loc=118 A3=0.4410 poolR2=0.5092 ovMax=0.0800 over2=0 w25=0.09115 hole=1.081 bandC=0.2985 O5=2.9233 cov=0.9766 tooShort=43 subs/site=1.54
d50 E62 test cone/hatch  paths=595 ink=2105.3 pens=549 A1=0.6613/0.6186 bareP95=0.3403 bareMax=0.849 A2n=182(0.332) A2loc=86 A3=0.2743 poolR2=0.3473 ovMax=0.0800 over2=0 w25=0.07021 hole=0.984 bandC=0.1031 O5=2.6496 cov=0.9860 tooShort=40 subs/site=1.45
d50 E62 test cone/contour  paths=631 ink=2217.4 pens=624 A1=0.6809/0.5562 bareP95=0.2126 bareMax=0.541 A2n=240(0.385) A2loc=75 A3=0.7925 poolR2=0.7942 ovMax=0.0800 over2=0 w25=0.07537 hole=1.039 bandC=0.0172 O5=2.8906 cov=0.9888 tooShort=13 subs/site=1.27
d50 E62e85 create sphere/hatch  paths=1189 ink=4852 pens=1164 A1=0.6119/0.6101 bareP95=0.2537 bareMax=0.748 A2n=451(0.394) A2loc=121 A3=0.3256 poolR2=0.3454 ovMax=0.1497 over2=0 w25=0.06112 hole=0.992 bandC=0.1020 O5=3.1226 cov=0.9784 tooShort=123 subs/site=1.17
d50 E62e85 create sphere/contour  paths=1208 ink=4706.5 pens=1171 A1=0.6363/0.5714 bareP95=0.2261 bareMax=0.921 A2n=394(0.340) A2loc=111 A3=0.5950 poolR2=0.4244 ovMax=0.1402 over2=0 w25=0.06792 hole=1.038 bandC=0.0833 O5=2.4340 cov=0.9870 tooShort=43 subs/site=1.17
d50 E62e85 create torus/hatch  paths=449 ink=1267.4 pens=345 A1=0.1596/0.0000 bareP95=0.5082 bareMax=0.726 A2n=138(0.409) A2loc=19 A3=0.2534 poolR2=0.4007 ovMax=0.0800 over2=0 w25=0.13808 hole=0.980 bandC=0.2723 O5=2.5278 cov=0.9882 tooShort=10 subs/site=1.07
d50 E62e85 create torus/contour  paths=441 ink=1354 pens=370 A1=0.4991/0.2863 bareP95=0.3613 bareMax=0.628 A2n=168(0.459) A2loc=51 A3=0.3587 poolR2=0.4390 ovMax=0.0800 over2=0 w25=0.17310 hole=0.991 bandC=0.4624 O5=2.9908 cov=0.9770 tooShort=13 subs/site=1.35
d50 E62e85 create cone/hatch  paths=717 ink=2485.6 pens=642 A1=0.5847/0.5847 bareP95=0.2957 bareMax=0.963 A2n=221(0.348) A2loc=114 A3=0.2559 poolR2=0.3127 ovMax=0.0800 over2=0 w25=0.06244 hole=1.038 bandC=0.0641 O5=2.4124 cov=0.9882 tooShort=49 subs/site=1.37
d50 E62e85 create cone/contour  paths=728 ink=2497.5 pens=685 A1=0.6036/0.5472 bareP95=0.2256 bareMax=0.505 A2n=220(0.322) A2loc=74 A3=0.7566 poolR2=0.7496 ovMax=0.0800 over2=0 w25=0.04403 hole=0.995 bandC=0.0277 O5=2.6069 cov=0.9960 tooShort=17 subs/site=1.20
d50 E62e85 test sphere/hatch  paths=763 ink=3127.6 pens=760 A1=0.5895/0.5696 bareP95=0.2595 bareMax=0.861 A2n=319(0.424) A2loc=97 A3=0.3453 poolR2=0.3424 ovMax=0.0800 over2=0 w25=0.08075 hole=1.110 bandC=0.0679 O5=3.0759 cov=0.9833 tooShort=54 subs/site=1.17
d50 E62e85 test sphere/contour  paths=764 ink=2977 pens=744 A1=0.6798/0.6321 bareP95=0.2230 bareMax=0.577 A2n=227(0.308) A2loc=65 A3=0.6798 poolR2=0.4122 ovMax=0.0800 over2=0 w25=0.07074 hole=1.079 bandC=0.0528 O5=2.3383 cov=0.9823 tooShort=33 subs/site=1.17
d50 E62e85 test torus/hatch  paths=989 ink=3151.7 pens=1068 A1=0.5726/0.4181 bareP95=0.2413 bareMax=0.759 A2n=568(0.537) A2loc=168 A3=0.3107 poolR2=0.4266 ovMax=0.0800 over2=0 w25=0.08330 hole=1.044 bandC=0.2530 O5=2.3262 cov=0.9908 tooShort=19 subs/site=1.27
d50 E62e85 test torus/contour  paths=745 ink=2676.4 pens=819 A1=0.6227/0.4273 bareP95=0.3275 bareMax=0.865 A2n=367(0.454) A2loc=120 A3=0.3975 poolR2=0.4816 ovMax=0.0800 over2=0 w25=0.09075 hole=1.081 bandC=0.3060 O5=2.8448 cov=0.9843 tooShort=43 subs/site=1.46
d50 E62e85 test cone/hatch  paths=572 ink=2107.8 pens=519 A1=0.5563/0.5135 bareP95=0.3415 bareMax=0.849 A2n=148(0.286) A2loc=89 A3=0.2351 poolR2=0.2828 ovMax=0.0800 over2=0 w25=0.07009 hole=0.984 bandC=0.1029 O5=2.6512 cov=0.9860 tooShort=40 subs/site=1.37
d50 E62e85 test cone/contour  paths=633 ink=2219.1 pens=630 A1=0.6876/0.5654 bareP95=0.1671 bareMax=0.541 A2n=246(0.391) A2loc=79 A3=0.7965 poolR2=0.7976 ovMax=0.0800 over2=0 w25=0.07572 hole=1.039 bandC=0.0244 O5=2.8956 cov=0.9924 tooShort=13 subs/site=1.27
